[05/22/26 19:10:45] info     ================= cer started =================
[05/22/26 19:10:45] info     C:\Program Files\Autodesk\AutoCAD 2027\cer.dll, 7.2.4+20251128.8f05bb68.927
[05/22/26 19:10:45] info     Setting key SP/SDK_VERSION, value 7.2.4+20251128.8f05bb68.927 (maxCount 1)
[05/22/26 19:10:45] info     Setting key SP/PRODUCT_NAME_HASH, value 9d6767a77b9d2cce90e03082e1302957689eeac5 (maxCount 1)
[05/22/26 19:10:45] info     Setting key SP/RUNTIME_ARCH, value 1 (maxCount 1)
[05/22/26 19:10:45] info     Set senddmp exe path to C:\Program Files\Autodesk\AutoCAD 2027\CER\senddmp.exe
[05/22/26 19:10:45] info     The cer_service exe C:\Program Files\Autodesk\AutoCAD 2027\CER\service\cer_service.exe is not in folder C:\Program Files\Autodesk\AutoCAD 2027\CER\, it's not a sandbox
[05/22/26 19:10:45] info     Set upi exe path to C:\Program Files\Autodesk\AutoCAD 2027\CER\upi.exe
[05/22/26 19:10:45] info     launching C:\Program Files\Autodesk\AutoCAD 2027\CER\upi.exe --cmd=get-device-id C:\Users\asoyl\AppData\Local\Temp\upi_deviceid2
[05/22/26 19:10:45] info     Set deviceID2 to FEA7648073527731DAD248750D3505755527AA370549334B3EBA9055880AD562&908D185904064E5C34AA2D94B0973C132A947F1F516166D99894A99E3A36B311&805BDFCAFF376609B55F003692CD8163DF8D0D897EE25E3BDDA9CE8133912580
[05/22/26 19:10:45] info     Setting key SP/DEVICEID2, value FEA7648073527731DAD248750D3505755527AA370549334B3EBA9055880AD562&908D185904064E5C34AA2D94B0973C132A947F1F516166D99894A99E3A36B311&805BDFCAFF376609B55F003692CD8163DF8D0D897EE25E3BDDA9CE8133912580 (maxCount 1)
[05/22/26 19:10:45] info     Setting key SP/UUID, value 9d6767a77b9d2cce90e03082e1302957689eeac5FEA7648073527731DAD248750D3505755527AA370549334B3EBA9055880AD562&908D185904064E5C34AA2D94B0973C132A947F1F516166D99894A99E3A36B311&805BDFCAFF376609B55F003692CD8163DF8D0D897EE25E3BDDA9CE8133912580 (maxCount 1)
[05/22/26 19:10:45] info     Set senddmp exe path to C:\Program Files\Autodesk\AutoCAD 2027\CER\senddmp.exe
[05/22/26 19:10:45] info     The cer_service exe C:\Program Files\Autodesk\AutoCAD 2027\CER\service\cer_service.exe is not in folder C:\Program Files\Autodesk\AutoCAD 2027\CER\, it's not a sandbox
[05/22/26 19:10:45] info     launching C:\Program Files\Autodesk\AutoCAD 2027\CER\upi.exe "C:\Program Files\Autodesk\AutoCAD 2027\en-US\UPI\upiconfig.xml" C:\Users\asoyl\AppData\Local\Temp\upi_info.xml
[05/22/26 19:10:45] info     Setting key SP/UPI_PRODUCT, value ACD (maxCount 1)
[05/22/26 19:10:45] info     Setting key SP/UPI_RELEASE, value 2027 (maxCount 1)
[05/22/26 19:10:45] info     Setting key SP/UPI_MASTER, value {28B89EEF-A101-0409-2102-CF3F3A09B77D} (maxCount 1)
[05/22/26 19:10:45] info     Setting key SP/UPI_BUILD, value 26.0.60.0.0 (maxCount 1)
[05/22/26 19:10:45] info     Setting key SP/UPI_FULL_XML, value <?xml version="1.0"?><upipackage><upivalue version="1.0" type="product" requestingapp="true"><level name="productline" id="ACD"><level name="release" id="2027"><level name="master" id="{28B89EEF-A101-0409-2102-CF3F3A09B77D}"><level name="build" id="26.0.60.0.0"/></level></level></level></upivalue>
<upivalue version="1.0" type="product"><level name="productline" id="ACD"><level name="release" id="2027"><level name="master" id="{28B89EEF-A101-0000-0102-CF3F3A09B77D}"><level name="build" id="26.0.60.0.0"/></level></level></level></upivalue>
<upivalue version="1.0" type="product"><level name="productline" id="ARCHDESK"><level name="release" id="2027"><level name="master" id="{28B89EEE-A104-0000-5102-CF3F3A09B77D}"><level name="build" id="8.9.46.0"/></level></level></level></upivalue>
<upivalue version="1.0" type="product"><level name="productline" id="ACD"><level name="release" id="2027"><level name="master" id="{28B89EEF-A101-0409-1102-CF3F3A09B77D}"><level name="build" id="26.0.60.0.0"/></level></level></level></upivalue>
</upipackage> (maxCount 1)
[05/22/26 19:10:45] info     set legacy options: /APPICON "C:\Program Files\Autodesk\AutoCAD 2027\AcBrandRes.dll" /APPICONID 1
[05/22/26 19:10:45] info     Setting key RP/AppIcon, value C:\Program Files\Autodesk\AutoCAD 2027\AcBrandRes.dll (maxCount 1)
[05/22/26 19:10:45] info     Setting key RP/AppIconId, value 1 (maxCount 1)
[05/22/26 19:10:45] info     Setting key RP/CadSettingsRegPath, value Software\Autodesk\AutoCAD\R26.0\ACAD-A101:409\CadManagerControl\CustomerErrorReport (maxCount 1)
[05/22/26 19:10:45] info     Setting key RP/AppLocaleId, value 1033 (maxCount 1)
[05/22/26 19:10:45] info     Setting key RP/AppXML, value <ProductInformation name ="AutoCAD" build_version="X.60.0.0(x64)" registry_version="26.0" install_id_string="ACAD-A101:409" registry_localeID="1033" git_commit_id="90c984aa66a571142ee0757584bac517eec2175a" /> (maxCount 100)
[05/22/26 19:10:45] info     Setting key SP/THEME_TYPE, value Blue (maxCount 1)
[05/22/26 19:10:45] info     Setting key SP/EXCEPTION_INFO_POINTER, value 140714461463832 (maxCount 1)
[05/22/26 19:10:45] info     Setting key SP/THREAD_ID, value 4294967295 (maxCount 1)
[05/22/26 19:10:45] info     Get key SP/THREAD_ID, index 0: "4294967295"
[05/22/26 19:10:45] info     Setting key SP/WER, value 0 (maxCount 1)
[05/22/26 19:10:45] info     Get key SP/WER, index 0: "0"
[05/22/26 19:10:45] info     Registered C:\Program Files\Autodesk\AutoCAD 2027\cer.dll as WER runtime exception module
[05/22/26 19:10:45] info     Current ErrorMode is 32771
[05/22/26 19:10:45] debug    Receiver ping: pong
[05/22/26 19:10:47] info     Setting key RP/Headless, value 1 (maxCount 1)
[05/22/26 19:10:50] info     ================= cer stopped =================
